// Jest Snapshot v1, https://goo.gl/fbAQLP

exports[`Home page matches snapshot 1`] = `
<DocumentFragment>
  <div
    class="css-3z75l1"
  >
    <h2
      class="chakra-heading css-zey6tx"
    >
      Next.js i18n with Chakra UI Template
    </h2>
    <h2
      class="chakra-heading css-jk7tnf"
    >
      Translated Text
    </h2>
    <p
      class="chakra-text css-17t5ffy"
    >
      Example repository of
    </p>
    <div
      class="chakra-stack css-18dncob"
    >
      <code
        class="chakra-code css-1dvx7i9"
      >
        Next.js
      </code>
      <code
        class="chakra-code css-1dvx7i9"
      >
        chakra-ui
      </code>
      <code
        class="chakra-code css-1dvx7i9"
      >
        typescript
      </code>
      <code
        class="chakra-code css-1dvx7i9"
      >
        jest
      </code>
      <code
        class="chakra-code css-1dvx7i9"
      >
        i18n
      </code>
    </div>
    <button
      class="chakra-button css-16pn0c5"
      type="button"
    >
      Change Language
    </button>
    <p
      class="chakra-text css-0"
    >
      Next ❤️ Chakra
    </p>
  </div>
</DocumentFragment>
`;
